// Jest Snapshot v1, https://goo.gl/fbAQLP

exports[`Profile detail Render if the image uri provided is not available, render a default image 1`] = `ShallowWrapper {}`;
